<?xml version="1.0" encoding="UTF-8" ?>
<testsuites disabled="0" errors="0" failures="0" tests="5" time="0.066">
 <testsuite name="OrdersAnalyzer" timestamp="2021-06-16T14:54:26" hostname="localhost" time="0.041" errors="0" tests="0" skipped="0" disabled="0" failures="0">
 </testsuite>
 <testsuite name="OrdersAnalyzer.stationery dataset totalQuantity" timestamp="2021-06-16T14:54:26" hostname="localhost" time="0.025" errors="0" tests="5" skipped="0" disabled="0" failures="0">
  <testcase classname="OrdersAnalyzer.stationery dataset totalQuantity" name="should return correct values for 1746" time="0.007" />
  <testcase classname="OrdersAnalyzer.stationery dataset totalQuantity" name="should return correct values for 3433" time="0.001" />
  <testcase classname="OrdersAnalyzer.stationery dataset totalQuantity" name="should return correct values for 4098" time="0.015" />
  <testcase classname="OrdersAnalyzer.stationery dataset totalQuantity" name="should return correct values for 5723" time="0.001" />
  <testcase classname="OrdersAnalyzer.stationery dataset totalQuantity" name="should return correct values for 9872" time="0" />
 </testsuite>
</testsuites>